// Vitest Snapshot v1, https://vitest.dev/guide/snapshot.html

exports[`App > renders the footer with correct text and link 1`] = `
<footer
  class="text-center mt-10 mb-5 p-6 gradient-background rounded-2xl shadow-lg text-white"
>
  <p
    class="mb-2 opacity-90"
  >
    Created with the 
    <b>
      help
    </b>
     of the almighty AI
  </p>
  <a
    class="text-white font-semibold border-b-2 border-white/50 hover:border-white transition-colors"
    href="https://www.jetbrains.com/junie"
    rel="noopener noreferrer"
    target="_blank"
  >
    Visit Junie AI's website
  </a>
</footer>
`;
